07-11 11:55:45.408 24345-24345/de.pacheco.popularmovies I/art: Starting a blocking GC Alloc
07-11 11:55:45.410 24345-24359/de.pacheco.popularmovies I/art: Waiting for a blocking GC Alloc
07-11 11:55:45.411 24345-24376/de.pacheco.popularmovies I/art: Waiting for a blocking GC Alloc
07-11 11:55:45.411 24345-24378/de.pacheco.popularmovies I/art: Waiting for a blocking GC Alloc
07-11 11:55:45.411 24345-24380/de.pacheco.popularmovies I/art: Waiting for a blocking GC Alloc
07-11 11:55:45.411 24345-24353/de.pacheco.popularmovies I/art: Waiting for a blocking GC Alloc
07-11 11:55:45.411 24345-24379/de.pacheco.popularmovies I/art: Waiting for a blocking GC Alloc
07-11 11:55:45.455 24345-24345/de.pacheco.popularmovies I/art: Clamp target GC heap from 144MB to 128MB
07-11 11:55:45.455 24345-24345/de.pacheco.popularmovies I/art: Alloc concurrent mark sweep GC freed 0(0B) AllocSpace objects, 0(0B) LOS objects, 0% free, 128MB/128MB, paused 668us total 46.385ms
07-11 11:55:45.455 24345-24345/de.pacheco.popularmovies I/art: Forcing collection of SoftReferences for 28B allocation
07-11 11:55:45.455 24345-24359/de.pacheco.popularmovies I/art: WaitForGcToComplete blocked for 354.036ms for cause Alloc
07-11 11:55:45.455 24345-24359/de.pacheco.popularmovies I/art: Starting a blocking GC Alloc
07-11 11:55:45.455 24345-24359/de.pacheco.popularmovies I/art: Starting a blocking GC Alloc
07-11 11:55:45.455 24345-24376/de.pacheco.popularmovies I/art: Waiting for a blocking GC Alloc
07-11 11:55:45.455 24345-24353/de.pacheco.popularmovies I/art: Waiting for a blocking GC Alloc
07-11 11:55:45.455 24345-24380/de.pacheco.popularmovies I/art: Waiting for a blocking GC Alloc
07-11 11:55:45.455 24345-24379/de.pacheco.popularmovies I/art: Waiting for a blocking GC Alloc
07-11 11:55:45.455 24345-24345/de.pacheco.popularmovies I/art: Waiting for a blocking GC Alloc
07-11 11:55:45.459 24345-24378/de.pacheco.popularmovies I/art: Waiting for a blocking GC Alloc
07-11 11:55:45.463 24345-24359/de.pacheco.popularmovies I/art: Alloc sticky concurrent mark sweep GC freed 0(0B) AllocSpace objects, 0(0B) LOS objects, 0% free, 128MB/128MB, paused 685us total 8.092ms
07-11 11:55:45.463 24345-24359/de.pacheco.popularmovies I/art: Starting a blocking GC Alloc
07-11 11:55:45.463 24345-24353/de.pacheco.popularmovies I/art: Waiting for a blocking GC Alloc
07-11 11:55:45.464 24345-24380/de.pacheco.popularmovies I/art: Waiting for a blocking GC Alloc
07-11 11:55:45.464 24345-24379/de.pacheco.popularmovies I/art: Waiting for a blocking GC Alloc
07-11 11:55:45.464 24345-24345/de.pacheco.popularmovies I/art: Waiting for a blocking GC Alloc
07-11 11:55:45.464 24345-24376/de.pacheco.popularmovies I/art: Waiting for a blocking GC Alloc
07-11 11:55:45.464 24345-24378/de.pacheco.popularmovies I/art: Waiting for a blocking GC Alloc
07-11 11:55:45.508 24345-24359/de.pacheco.popularmovies I/art: Clamp target GC heap from 144MB to 128MB
07-11 11:55:45.508 24345-24359/de.pacheco.popularmovies I/art: Alloc partial concurrent mark sweep GC freed 0(0B) AllocSpace objects, 0(0B) LOS objects, 0% free, 128MB/128MB, paused 922us total 44.226ms
07-11 11:55:45.508 24345-24359/de.pacheco.popularmovies I/art: Starting a blocking GC Alloc
07-11 11:55:45.508 24345-24353/de.pacheco.popularmovies I/art: Waiting for a blocking GC Alloc
07-11 11:55:45.508 24345-24380/de.pacheco.popularmovies I/art: Waiting for a blocking GC Alloc
07-11 11:55:45.509 24345-24345/de.pacheco.popularmovies I/art: Waiting for a blocking GC Alloc
07-11 11:55:45.509 24345-24376/de.pacheco.popularmovies I/art: Waiting for a blocking GC Alloc
07-11 11:55:45.509 24345-24378/de.pacheco.popularmovies I/art: Waiting for a blocking GC Alloc
07-11 11:55:45.509 24345-24379/de.pacheco.popularmovies I/art: Waiting for a blocking GC Alloc
07-11 11:55:45.561 24345-24359/de.pacheco.popularmovies I/art: Clamp target GC heap from 144MB to 128MB
07-11 11:55:45.561 24345-24359/de.pacheco.popularmovies I/art: Alloc concurrent mark sweep GC freed 0(0B) AllocSpace objects, 0(0B) LOS objects, 0% free, 128MB/128MB, paused 647us total 52.828ms
07-11 11:55:45.561 24345-24359/de.pacheco.popularmovies I/art: Forcing collection of SoftReferences for 28B allocation
07-11 11:55:45.561 24345-24359/de.pacheco.popularmovies I/art: Starting a blocking GC Alloc
07-11 11:55:45.562 24345-24380/de.pacheco.popularmovies I/art: Waiting for a blocking GC Alloc
07-11 11:55:45.562 24345-24345/de.pacheco.popularmovies I/art: Waiting for a blocking GC Alloc
07-11 11:55:45.562 24345-24376/de.pacheco.popularmovies I/art: Waiting for a blocking GC Alloc
07-11 11:55:45.562 24345-24378/de.pacheco.popularmovies I/art: Waiting for a blocking GC Alloc
07-11 11:55:45.562 24345-24379/de.pacheco.popularmovies I/art: Waiting for a blocking GC Alloc
07-11 11:55:45.562 24345-24353/de.pacheco.popularmovies I/art: Waiting for a blocking GC Alloc
07-11 11:55:45.606 24345-24359/de.pacheco.popularmovies I/art: Clamp target GC heap from 144MB to 128MB
07-11 11:55:45.606 24345-24359/de.pacheco.popularmovies I/art: Alloc concurrent mark sweep GC freed 0(0B) AllocSpace objects, 0(0B) LOS objects, 0% free, 128MB/128MB, paused 626us total 45.103ms
07-11 11:55:45.607 24345-24359/de.pacheco.popularmovies W/art: Throwing OutOfMemoryError "Failed to allocate a 28 byte allocation with 0 free bytes and 3GB until OOM" (recursive case)
07-11 11:55:45.607 24345-24380/de.pacheco.popularmovies I/art: WaitForGcToComplete blocked for 909.130ms for cause Alloc
07-11 11:55:45.607 24345-24380/de.pacheco.popularmovies I/art: Starting a blocking GC Alloc
07-11 11:55:45.607 24345-24345/de.pacheco.popularmovies I/art: Waiting for a blocking GC Alloc
07-11 11:55:45.607 24345-24376/de.pacheco.popularmovies I/art: Waiting for a blocking GC Alloc
07-11 11:55:45.607 24345-24378/de.pacheco.popularmovies I/art: Waiting for a blocking GC Alloc
07-11 11:55:45.607 24345-24353/de.pacheco.popularmovies I/art: Waiting for a blocking GC Alloc
07-11 11:55:45.607 24345-24379/de.pacheco.popularmovies I/art: Waiting for a blocking GC Alloc
07-11 11:55:45.609 24345-24359/de.pacheco.popularmovies W/art: "AsyncTask #1" prio=5 tid=10 Runnable
07-11 11:55:45.609 24345-24359/de.pacheco.popularmovies W/art:   | group="main" sCount=0 dsCount=0 obj=0x22c323a0 self=0xb8381b78
07-11 11:55:45.609 24345-24359/de.pacheco.popularmovies W/art:   | sysTid=24359 nice=10 cgrp=bg_non_interactive sched=0/0 handle=0x9d512930
07-11 11:55:45.609 24345-24359/de.pacheco.popularmovies W/art:   | state=R schedstat=( 0 0 0 ) utm=464 stm=41 core=1 HZ=100
07-11 11:55:45.609 24345-24359/de.pacheco.popularmovies W/art:   | stack=0x9d410000-0x9d412000 stackSize=1038KB
07-11 11:55:45.609 24345-24359/de.pacheco.popularmovies W/art:   | held mutexes= "mutator lock"(shared held)
07-11 11:55:45.609 24345-24359/de.pacheco.popularmovies W/art:     at java.nio.CharBuffer.wrap(CharBuffer.java:91)
07-11 11:55:45.609 24345-24359/de.pacheco.popularmovies W/art:     at java.util.Scanner.expandBuffer(Scanner.java:2098)
07-11 11:55:45.609 24345-24359/de.pacheco.popularmovies W/art:     at java.util.Scanner.readMore(Scanner.java:2060)
07-11 11:55:45.609 24345-24359/de.pacheco.popularmovies W/art:     at java.util.Scanner.findDelimiterAfter(Scanner.java:2038)
07-11 11:55:45.609 24345-24359/de.pacheco.popularmovies W/art:     at java.util.Scanner.setTokenRegion(Scanner.java:1953)
07-11 11:55:45.609 24345-24359/de.pacheco.popularmovies W/art:     at java.util.Scanner.hasNext(Scanner.java:548)
07-11 11:55:45.609 24345-24359/de.pacheco.popularmovies W/art:     at java.util.Scanner.hasNext(Scanner.java:526)
07-11 11:55:45.609 24345-24359/de.pacheco.popularmovies W/art:     at de.pacheco.popularmovies.util.NetworkUtils.getResponseFromHttpUrl(NetworkUtils.java:45)
07-11 11:55:45.609 24345-24359/de.pacheco.popularmovies W/art:     at de.pacheco.popularmovies.util.MoviesUtil.getMoviesAsJson(MoviesUtil.java:101)
07-11 11:55:45.609 24345-24359/de.pacheco.popularmovies W/art:     at de.pacheco.popularmovies.util.MoviesUtil.addAllMovies(MoviesUtil.java:55)
07-11 11:55:45.609 24345-24359/de.pacheco.popularmovies W/art:     at de.pacheco.popularmovies.MainActivity$FetchMoviesTask.doInBackground(MainActivity.java:126)
07-11 11:55:45.609 24345-24359/de.pacheco.popularmovies W/art:     at de.pacheco.popularmovies.MainActivity$FetchMoviesTask.doInBackground(MainActivity.java:110)
07-11 11:55:45.609 24345-24359/de.pacheco.popularmovies W/art:     at android.os.AsyncTask$2.call(AsyncTask.java:295)
07-11 11:55:45.609 24345-24359/de.pacheco.popularmovies W/art:     at java.util.concurrent.FutureTask.run(FutureTask.java:237)
07-11 11:55:45.609 24345-24359/de.pacheco.popularmovies W/art:     at android.os.AsyncTask$SerialExecutor$1.run(AsyncTask.java:234)
07-11 11:55:45.609 24345-24359/de.pacheco.popularmovies W/art:     at java.util.concurrent.ThreadPoolExecutor.runWorker(ThreadPoolExecutor.java:1113)
07-11 11:55:45.609 24345-24359/de.pacheco.popularmovies W/art:     at java.util.concurrent.ThreadPoolExecutor$Worker.run(ThreadPoolExecutor.java:588)
07-11 11:55:45.609 24345-24359/de.pacheco.popularmovies W/art:     at java.lang.Thread.run(Thread.java:818)
07-11 11:55:45.610 24345-24359/de.pacheco.popularmovies I/art: Waiting for a blocking GC Alloc
07-11 11:55:45.652 24345-24380/de.pacheco.popularmovies I/art: Clamp target GC heap from 143MB to 128MB
07-11 11:55:45.652 24345-24380/de.pacheco.popularmovies I/art: Alloc concurrent mark sweep GC freed 9(24KB) AllocSpace objects, 1(20KB) LOS objects, 0% free, 127MB/128MB, paused 634us total 44.814ms
07-11 11:55:45.652 24345-24345/de.pacheco.popularmovies I/art: WaitForGcToComplete blocked for 196.372ms for cause Alloc
07-11 11:55:45.652 24345-24345/de.pacheco.popularmovies I/art: Starting a blocking GC Alloc
07-11 11:55:45.652 24345-24376/de.pacheco.popularmovies I/art: Waiting for a blocking GC Alloc
07-11 11:55:45.652 24345-24378/de.pacheco.popularmovies I/art: Waiting for a blocking GC Alloc
07-11 11:55:45.652 24345-24353/de.pacheco.popularmovies I/art: Waiting for a blocking GC Alloc
07-11 11:55:45.652 24345-24379/de.pacheco.popularmovies I/art: Waiting for a blocking GC Alloc
07-11 11:55:45.652 24345-24359/de.pacheco.popularmovies I/art: Waiting for a blocking GC Alloc
07-11 11:55:45.656 24345-24380/de.pacheco.popularmovies I/art: Waiting for a blocking GC Alloc
07-11 11:55:45.694 24345-24345/de.pacheco.popularmovies I/art: Clamp target GC heap from 143MB to 128MB
07-11 11:55:45.694 24345-24345/de.pacheco.popularmovies I/art: Alloc concurrent mark sweep GC freed 67(3KB) AllocSpace objects, 0(0B) LOS objects, 0% free, 127MB/128MB, paused 659us total 41.786ms
07-11 11:55:45.694 24345-24345/de.pacheco.popularmovies W/art: Throwing OutOfMemoryError "Failed to allocate a 28 byte allocation with 1360 free bytes and 1360B until OOM" (recursive case)
07-11 11:55:45.694 24345-24376/de.pacheco.popularmovies I/art: WaitForGcToComplete blocked for 1.952s for cause Alloc
07-11 11:55:45.695 24345-24376/de.pacheco.popularmovies I/art: Starting a blocking GC Alloc
07-11 11:55:45.695 24345-24376/de.pacheco.popularmovies I/art: Starting a blocking GC Alloc
07-11 11:55:45.695 24345-24379/de.pacheco.popularmovies I/art: Waiting for a blocking GC Alloc
07-11 11:55:45.695 24345-24359/de.pacheco.popularmovies I/art: Waiting for a blocking GC Alloc
07-11 11:55:45.695 24345-24378/de.pacheco.popularmovies I/art: Waiting for a blocking GC Alloc
07-11 11:55:45.696 24345-24380/de.pacheco.popularmovies I/art: Waiting for a blocking GC Alloc
07-11 11:55:45.696 24345-24353/de.pacheco.popularmovies I/art: Waiting for a blocking GC Alloc
07-11 11:55:45.756 24345-24345/de.pacheco.popularmovies W/art: "main" prio=5 tid=1 Runnable
07-11 11:55:45.756 24345-24345/de.pacheco.popularmovies W/art:   | group="main" sCount=0 dsCount=0 obj=0x75dbdfb0 self=0xb7ff2018
07-11 11:55:45.756 24345-24345/de.pacheco.popularmovies W/art:   | sysTid=24345 nice=0 cgrp=default sched=0/0 handle=0xb6f65de4
07-11 11:55:45.756 24345-24345/de.pacheco.popularmovies W/art:   | state=R schedstat=( 0 0 0 ) utm=398 stm=26 core=1 HZ=100
07-11 11:55:45.756 24345-24345/de.pacheco.popularmovies W/art:   | stack=0xbe316000-0xbe318000 stackSize=8MB
07-11 11:55:45.756 24345-24345/de.pacheco.popularmovies W/art:   | held mutexes= "mutator lock"(shared held)
07-11 11:55:45.756 24345-24345/de.pacheco.popularmovies W/art:   native: #00 pc 0035acef  /system/lib/libart.so (_ZN3art15DumpNativeStackERNSt3__113basic_ostreamIcNS0_11char_traitsIcEEEEiPKcPNS_9ArtMethodEPv+126)
07-11 11:55:45.756 24345-24345/de.pacheco.popularmovies W/art:   native: #01 pc 003372ff  /system/lib/libart.so (_ZNK3art6Thread9DumpStackERNSt3__113basic_ostreamIcNS1_11char_traitsIcEEEE+134)
07-11 11:55:45.756 24345-24345/de.pacheco.popularmovies W/art:   native: #02 pc 0033da39  /system/lib/libart.so (_ZN3art6Thread21ThrowOutOfMemoryErrorEPKc+164)
07-11 11:55:45.756 24345-24345/de.pacheco.popularmovies W/art:   native: #03 pc 001b06c7  /system/lib/libart.so (_ZN3art2gc4Heap21ThrowOutOfMemoryErrorEPNS_6ThreadEjNS0_13AllocatorTypeE+410)
07-11 11:55:45.756 24345-24345/de.pacheco.popularmovies W/art:   native: #04 pc 001b64f1  /system/lib/libart.so (_ZN3art2gc4Heap22AllocateInternalWithGcEPNS_6ThreadENS0_13AllocatorTypeEjPjS5_S5_PPNS_6mirror5ClassE+4596)
07-11 11:55:45.756 24345-24345/de.pacheco.popularmovies W/art:   native: #05 pc 00123b4f  /system/lib/libart.so (_ZN3art6mirror5Class11AllocObjectEPNS_6ThreadE+1362)
07-11 11:55:45.756 24345-24345/de.pacheco.popularmovies W/art:   native: #06 pc 0033d287  /system/lib/libart.so (_ZN3art6Thread24ThrowNewWrappedExceptionEPKcS2_+470)
07-11 11:55:45.756 24345-24345/de.pacheco.popularmovies W/art:   native: #07 pc 0033da7d  /system/lib/libart.so (_ZN3art6Thread21ThrowOutOfMemoryErrorEPKc+232)
07-11 11:55:45.756 24345-24345/de.pacheco.popularmovies W/art:   native: #08 pc 001b06c7  /system/lib/libart.so (_ZN3art2gc4Heap21ThrowOutOfMemoryErrorEPNS_6ThreadEjNS0_13AllocatorTypeE+410)
07-11 11:55:45.756 24345-24345/de.pacheco.popularmovies W/art:   native: #09 pc 001b64f1  /system/lib/libart.so (_ZN3art2gc4Heap22AllocateInternalWithGcEPNS_6ThreadENS0_13AllocatorTypeEjPjS5_S5_PPNS_6mirror5ClassE+4596)
07-11 11:55:45.756 24345-24345/de.pacheco.popularmovies W/art:   native: #10 pc 00123b4f  /system/lib/libart.so (_ZN3art6mirror5Class11AllocObjectEPNS_6ThreadE+1362)
07-11 11:55:45.756 24345-24345/de.pacheco.popularmovies W/art:   native: #11 pc 0028c7b3  /system/lib/libart.so (_ZN3art3JNI10NewObjectVEP7_JNIEnvP7_jclassP10_jmethodIDSt9__va_list+710)
07-11 11:55:45.756 24345-24345/de.pacheco.popularmovies W/art:   native: #12 pc 00106e3f  /system/lib/libart.so (_ZN3art8CheckJNI10NewObjectVEP7_JNIEnvP7_jclassP10_jmethodIDSt9__va_list+866)
07-11 11:55:45.756 24345-24345/de.pacheco.popularmovies W/art:   native: #13 pc 00262b07  /system/lib/libart.so (_ZN7_JNIEnv9NewObjectEP7_jclassP10_jmethodIDz+18)
07-11 11:55:45.756 24345-24345/de.pacheco.popularmovies W/art:   native: #14 pc 0031b17f  /system/lib/libart.so (_ZN3art12InvokeMethodERKNS_33ScopedObjectAccessAlreadyRunnableEP8_jobjectS4_S4_j+750)
07-11 11:55:45.756 24345-24345/de.pacheco.popularmovies W/art:   native: #15 pc 002d2d4f  /system/lib/libart.so (_ZN3artL13Method_invokeEP7_JNIEnvP8_jobjectS3_S3_+22)
07-11 11:55:45.756 24345-24345/de.pacheco.popularmovies W/art:   native: #16 pc 00254e69  /data/dalvik-cache/arm/system@framework@boot.oat (Java_java_lang_reflect_Method_invoke__Ljava_lang_Object_2_3Ljava_lang_Object_2+116)
07-11 11:55:45.756 24345-24345/de.pacheco.popularmovies W/art:     at java.lang.reflect.Method.invoke!(Native method)
07-11 11:55:45.756 24345-24345/de.pacheco.popularmovies W/art:     at com.android.internal.os.ZygoteInit$MethodAndArgsCaller.run(ZygoteInit.java:730)
07-11 11:55:45.756 24345-24345/de.pacheco.popularmovies W/art:     at com.android.internal.os.ZygoteInit.main(ZygoteInit.java:620)
07-11 11:55:45.756 24345-24345/de.pacheco.popularmovies D/AndroidRuntime: Shutting down VM
07-11 11:55:45.757 24345-24345/de.pacheco.popularmovies I/art: Waiting for a blocking GC Alloc
07-11 11:55:45.763 24345-24376/de.pacheco.popularmovies I/art: Alloc sticky concurrent mark sweep GC freed 0(0B) AllocSpace objects, 0(0B) LOS objects, 0% free, 127MB/128MB, paused 691us total 68.515ms
07-11 11:55:45.764 24345-24359/de.pacheco.popularmovies I/art: Waiting for a blocking GC Alloc
07-11 11:55:45.764 24345-24353/de.pacheco.popularmovies I/art: Waiting for a blocking GC Alloc
07-11 11:55:45.764 24345-24378/de.pacheco.popularmovies I/art: Waiting for a blocking GC Alloc
07-11 11:55:45.764 24345-24345/de.pacheco.popularmovies I/art: Waiting for a blocking GC Alloc
07-11 11:55:45.764 24345-24380/de.pacheco.popularmovies I/art: Waiting for a blocking GC Alloc
07-11 11:55:45.765 24345-24379/de.pacheco.popularmovies I/art: Waiting for a blocking GC Alloc
07-11 11:55:45.801 24345-24355/de.pacheco.popularmovies I/art: Clamp target GC heap from 143MB to 128MB
07-11 11:55:45.801 24345-24353/de.pacheco.popularmovies I/art: WaitForGcToComplete blocked for 745.873ms for cause Alloc
07-11 11:55:45.801 24345-24353/de.pacheco.popularmovies I/art: Starting a blocking GC Alloc
07-11 11:55:45.802 24345-24353/de.pacheco.popularmovies E/System: java.lang.OutOfMemoryError: OutOfMemoryError thrown while trying to throw OutOfMemoryError; no stack trace available
07-11 11:55:45.802 24345-24345/de.pacheco.popularmovies I/art: WaitForGcToComplete blocked for 45.313ms for cause Alloc
07-11 11:55:45.802 24345-24345/de.pacheco.popularmovies I/art: Starting a blocking GC Alloc
07-11 11:55:45.802 24345-24345/de.pacheco.popularmovies I/art: Starting a blocking GC Alloc
07-11 11:55:45.802 24345-24345/de.pacheco.popularmovies I/art: Starting a blocking GC Alloc
07-11 11:55:45.804 24345-24380/de.pacheco.popularmovies I/art: Waiting for a blocking GC Alloc
07-11 11:55:45.805 24345-24378/de.pacheco.popularmovies I/art: Waiting for a blocking GC Alloc
07-11 11:55:45.805 24345-24359/de.pacheco.popularmovies I/art: Waiting for a blocking GC Alloc
07-11 11:55:45.805 24345-24379/de.pacheco.popularmovies I/art: Waiting for a blocking GC Alloc
07-11 11:55:45.810 24345-24345/de.pacheco.popularmovies I/art: Alloc sticky concurrent mark sweep GC freed 15(2032B) AllocSpace objects, 0(0B) LOS objects, 0% free, 127MB/128MB, paused 688us total 7.407ms
07-11 11:55:45.810 24345-24359/de.pacheco.popularmovies I/art: Waiting for a blocking GC Alloc
07-11 11:55:45.810 24345-24378/de.pacheco.popularmovies I/art: Waiting for a blocking GC Alloc
07-11 11:55:45.810 24345-24379/de.pacheco.popularmovies I/art: Waiting for a blocking GC Alloc
07-11 11:55:45.810 24345-24345/de.pacheco.popularmovies E/AndroidRuntime: FATAL EXCEPTION: main
    Process: de.pacheco.popularmovies, PID: 24345
    java.lang.OutOfMemoryError: OutOfMemoryError thrown while trying to throw OutOfMemoryError; no stack trace available
07-11 11:55:45.810 24345-24345/de.pacheco.popularmovies I/art: Waiting for a blocking GC Alloc
07-11 11:55:45.810 24345-24380/de.pacheco.popularmovies I/art: Waiting for a blocking GC Alloc
07-11 11:55:45.851 24345-24355/de.pacheco.popularmovies I/art: Clamp target GC heap from 143MB to 128MB
07-11 11:55:45.852 24345-24359/? I/art: WaitForGcToComplete blocked for 241.696ms for cause Alloc
07-11 11:55:45.852 24345-24359/? I/art: Starting a blocking GC Alloc
07-11 11:55:45.853 24345-24359/? I/Process: Sending signal. PID: 24345 SIG: 9
