07-11 11:55:30.720 24345-24345/de.pacheco.popularmovies I/art: Late-enabling -Xcheck:jni
07-11 11:55:30.769 24345-24345/de.pacheco.popularmovies W/System: ClassLoader referenced unknown path: /data/app/de.pacheco.popularmovies-2/lib/arm
07-11 11:55:30.801 24345-24345/de.pacheco.popularmovies W/art: Before Android 4.1, method android.graphics.PorterDuffColorFilter androidx.vectordrawable.graphics.drawable.VectorDrawableCompat.updateTintFilter(android.graphics.PorterDuffColorFilter, android.content.res.ColorStateList, android.graphics.PorterDuff$Mode) would have incorrectly overridden the package-private method in android.graphics.drawable.Drawable
07-11 11:55:30.826 24345-24345/de.pacheco.popularmovies D/PhoneWindowEx: [PWEx][generateLayout] setLGNavigationBarColor : colors=0xff000000
07-11 11:55:30.826 24345-24345/de.pacheco.popularmovies I/PhoneWindow: [setLGNavigationBarColor] color=0x ff000000
07-11 11:55:30.838 24345-24345/de.pacheco.popularmovies I/art: Rejecting re-init on previously-failed class java.lang.Class<androidx.core.view.ViewCompat$2>
07-11 11:55:30.838 24345-24345/de.pacheco.popularmovies I/art: Rejecting re-init on previously-failed class java.lang.Class<androidx.core.view.ViewCompat$2>
07-11 11:55:30.915 24345-24345/de.pacheco.popularmovies W/art: Before Android 4.1, method int androidx.appcompat.widget.DropDownListView.lookForSelectablePosition(int, boolean) would have incorrectly overridden the package-private method in android.widget.ListView
07-11 11:55:30.925 24345-24345/de.pacheco.popularmovies I/ListPopupWindow: Could not find method setEpicenterBounds(Rect) on PopupWindow. Oh well.
07-11 11:55:30.971 24345-24359/de.pacheco.popularmovies V/MoviesUtil: Built URI https://api.themoviedb.org/3/movie/popular?api_key=8673177ce6acc598e038df55449f7e1c
07-11 11:55:30.980 24345-24361/de.pacheco.popularmovies D/OpenGLRenderer: Use EGL_SWAP_BEHAVIOR_PRESERVED: false
07-11 11:55:30.984 24345-24345/de.pacheco.popularmovies D/PhoneWindow: notifyNavigationBarColor, color=0x: ff000000, token: android.view.ViewRootImplAO$WEx@75c71d1
07-11 11:55:31.012 24345-24361/de.pacheco.popularmovies E/GED: Failed to get GED Log Buf, err(0)
07-11 11:55:31.012 24345-24361/de.pacheco.popularmovies I/OpenGLRenderer: Initialized EGL, version 1.4
07-11 11:55:31.017 24345-24361/de.pacheco.popularmovies D/mali_winsys: new_window_surface returns 0x3000
07-11 11:55:31.224 24345-24359/de.pacheco.popularmovies V/MoviesUtil: Movie list size 20
07-11 11:55:31.225 24345-24359/de.pacheco.popularmovies V/MoviesUtil: Built URI https://api.themoviedb.org/3/movie/popular?api_key=8673177ce6acc598e038df55449f7e1c
07-11 11:55:31.252 24345-24359/de.pacheco.popularmovies V/MoviesUtil: Built URI https://api.themoviedb.org/3/movie/popular?api_key=8673177ce6acc598e038df55449f7e1c&page=2
07-11 11:55:31.290 24345-24359/de.pacheco.popularmovies V/MoviesUtil: Movie list size 20
07-11 11:55:31.291 24345-24359/de.pacheco.popularmovies V/MoviesUtil: Built URI https://api.themoviedb.org/3/movie/popular?api_key=8673177ce6acc598e038df55449f7e1c&page=3
07-11 11:55:31.305 24345-24345/de.pacheco.popularmovies I/Timeline: Timeline: Activity_idle id: android.os.BinderProxy@55a79b9 time:26744010
07-11 11:55:31.334 24345-24359/de.pacheco.popularmovies V/MoviesUtil: Movie list size 20
07-11 11:55:31.334 24345-24359/de.pacheco.popularmovies V/MoviesUtil: Built URI https://api.themoviedb.org/3/movie/popular?api_key=8673177ce6acc598e038df55449f7e1c&page=4
07-11 11:55:31.370 24345-24359/de.pacheco.popularmovies V/MoviesUtil: Movie list size 20
07-11 11:55:31.370 24345-24359/de.pacheco.popularmovies V/MoviesUtil: Built URI https://api.themoviedb.org/3/movie/popular?api_key=8673177ce6acc598e038df55449f7e1c&page=5
07-11 11:55:31.414 24345-24359/de.pacheco.popularmovies V/MoviesUtil: Movie list size 20
07-11 11:55:31.414 24345-24359/de.pacheco.popularmovies V/MoviesUtil: Built URI https://api.themoviedb.org/3/movie/popular?api_key=8673177ce6acc598e038df55449f7e1c&page=6
07-11 11:55:31.459 24345-24359/de.pacheco.popularmovies V/MoviesUtil: Movie list size 20
07-11 11:55:31.459 24345-24359/de.pacheco.popularmovies V/MoviesUtil: Built URI https://api.themoviedb.org/3/movie/popular?api_key=8673177ce6acc598e038df55449f7e1c&page=7
07-11 11:55:31.490 24345-24359/de.pacheco.popularmovies D/MoviesUtil: Movie without poster ignored: Superintelligence
07-11 11:55:31.493 24345-24359/de.pacheco.popularmovies V/MoviesUtil: Movie list size 19
07-11 11:55:31.493 24345-24359/de.pacheco.popularmovies V/MoviesUtil: Built URI https://api.themoviedb.org/3/movie/popular?api_key=8673177ce6acc598e038df55449f7e1c&page=8
07-11 11:55:31.525 24345-24359/de.pacheco.popularmovies V/MoviesUtil: Movie list size 20
07-11 11:55:31.526 24345-24359/de.pacheco.popularmovies V/MoviesUtil: Built URI https://api.themoviedb.org/3/movie/popular?api_key=8673177ce6acc598e038df55449f7e1c&page=9
07-11 11:55:31.562 24345-24359/de.pacheco.popularmovies V/MoviesUtil: Movie list size 20
07-11 11:55:31.562 24345-24359/de.pacheco.popularmovies V/MoviesUtil: Built URI https://api.themoviedb.org/3/movie/popular?api_key=8673177ce6acc598e038df55449f7e1c&page=10
07-11 11:55:31.594 24345-24359/de.pacheco.popularmovies V/MoviesUtil: Movie list size 20
07-11 11:55:31.594 24345-24359/de.pacheco.popularmovies V/MoviesUtil: Built URI https://api.themoviedb.org/3/movie/popular?api_key=8673177ce6acc598e038df55449f7e1c&page=11
07-11 11:55:31.637 24345-24359/de.pacheco.popularmovies V/MoviesUtil: Movie list size 20
07-11 11:55:31.638 24345-24359/de.pacheco.popularmovies V/MoviesUtil: Built URI https://api.themoviedb.org/3/movie/popular?api_key=8673177ce6acc598e038df55449f7e1c&page=12
07-11 11:55:31.682 24345-24359/de.pacheco.popularmovies D/MoviesUtil: Movie without poster ignored: Last Words
07-11 11:55:31.691 24345-24359/de.pacheco.popularmovies V/MoviesUtil: Movie list size 19
07-11 11:55:31.691 24345-24359/de.pacheco.popularmovies V/MoviesUtil: Built URI https://api.themoviedb.org/3/movie/popular?api_key=8673177ce6acc598e038df55449f7e1c&page=13
07-11 11:55:31.753 24345-24359/de.pacheco.popularmovies V/MoviesUtil: Movie list size 20
07-11 11:55:31.753 24345-24359/de.pacheco.popularmovies V/MoviesUtil: Built URI https://api.themoviedb.org/3/movie/popular?api_key=8673177ce6acc598e038df55449f7e1c&page=14
07-11 11:55:31.807 24345-24359/de.pacheco.popularmovies V/MoviesUtil: Movie list size 20
07-11 11:55:31.807 24345-24359/de.pacheco.popularmovies V/MoviesUtil: Built URI https://api.themoviedb.org/3/movie/popular?api_key=8673177ce6acc598e038df55449f7e1c&page=15
07-11 11:55:31.845 24345-24359/de.pacheco.popularmovies V/MoviesUtil: Movie list size 20
07-11 11:55:31.845 24345-24359/de.pacheco.popularmovies V/MoviesUtil: Built URI https://api.themoviedb.org/3/movie/popular?api_key=8673177ce6acc598e038df55449f7e1c&page=16
07-11 11:55:31.893 24345-24359/de.pacheco.popularmovies V/MoviesUtil: Movie list size 20
07-11 11:55:31.893 24345-24359/de.pacheco.popularmovies V/MoviesUtil: Built URI https://api.themoviedb.org/3/movie/popular?api_key=8673177ce6acc598e038df55449f7e1c&page=17
07-11 11:55:31.924 24345-24359/de.pacheco.popularmovies V/MoviesUtil: Movie list size 20
07-11 11:55:31.924 24345-24359/de.pacheco.popularmovies V/MoviesUtil: Built URI https://api.themoviedb.org/3/movie/popular?api_key=8673177ce6acc598e038df55449f7e1c&page=18
07-11 11:55:31.973 24345-24359/de.pacheco.popularmovies D/MoviesUtil: Movie without poster ignored: Anita
07-11 11:55:31.975 24345-24359/de.pacheco.popularmovies V/MoviesUtil: Movie list size 19
07-11 11:55:31.975 24345-24359/de.pacheco.popularmovies V/MoviesUtil: Built URI https://api.themoviedb.org/3/movie/popular?api_key=8673177ce6acc598e038df55449f7e1c&page=19
07-11 11:55:32.010 24345-24359/de.pacheco.popularmovies V/MoviesUtil: Movie list size 20
07-11 11:55:32.010 24345-24359/de.pacheco.popularmovies V/MoviesUtil: Built URI https://api.themoviedb.org/3/movie/popular?api_key=8673177ce6acc598e038df55449f7e1c&page=20
07-11 11:55:32.046 24345-24359/de.pacheco.popularmovies V/MoviesUtil: Movie list size 20
07-11 11:55:32.046 24345-24359/de.pacheco.popularmovies V/MoviesUtil: Built URI https://api.themoviedb.org/3/movie/popular?api_key=8673177ce6acc598e038df55449f7e1c&page=21
07-11 11:55:32.111 24345-24359/de.pacheco.popularmovies V/MoviesUtil: Movie list size 20
07-11 11:55:32.111 24345-24359/de.pacheco.popularmovies V/MoviesUtil: Built URI https://api.themoviedb.org/3/movie/popular?api_key=8673177ce6acc598e038df55449f7e1c&page=22
07-11 11:55:32.153 24345-24359/de.pacheco.popularmovies V/MoviesUtil: Movie list size 20
07-11 11:55:32.154 24345-24359/de.pacheco.popularmovies V/MoviesUtil: Built URI https://api.themoviedb.org/3/movie/popular?api_key=8673177ce6acc598e038df55449f7e1c&page=23
07-11 11:55:32.191 24345-24359/de.pacheco.popularmovies V/MoviesUtil: Movie list size 20
07-11 11:55:32.191 24345-24359/de.pacheco.popularmovies V/MoviesUtil: Built URI https://api.themoviedb.org/3/movie/popular?api_key=8673177ce6acc598e038df55449f7e1c&page=24
07-11 11:55:32.230 24345-24359/de.pacheco.popularmovies V/MoviesUtil: Movie list size 20
07-11 11:55:32.230 24345-24359/de.pacheco.popularmovies V/MoviesUtil: Built URI https://api.themoviedb.org/3/movie/popular?api_key=8673177ce6acc598e038df55449f7e1c&page=25
07-11 11:55:32.288 24345-24359/de.pacheco.popularmovies V/MoviesUtil: Movie list size 20
07-11 11:55:32.288 24345-24359/de.pacheco.popularmovies V/MoviesUtil: Built URI https://api.themoviedb.org/3/movie/popular?api_key=8673177ce6acc598e038df55449f7e1c&page=26
07-11 11:55:32.318 24345-24359/de.pacheco.popularmovies D/MoviesUtil: Movie without poster ignored: Chemical Hearts
07-11 11:55:32.320 24345-24359/de.pacheco.popularmovies V/MoviesUtil: Movie list size 19
07-11 11:55:32.320 24345-24359/de.pacheco.popularmovies V/MoviesUtil: Built URI https://api.themoviedb.org/3/movie/popular?api_key=8673177ce6acc598e038df55449f7e1c&page=27
07-11 11:55:32.363 24345-24359/de.pacheco.popularmovies V/MoviesUtil: Movie list size 20
07-11 11:55:32.363 24345-24359/de.pacheco.popularmovies V/MoviesUtil: Built URI https://api.themoviedb.org/3/movie/popular?api_key=8673177ce6acc598e038df55449f7e1c&page=28
07-11 11:55:32.394 24345-24359/de.pacheco.popularmovies V/MoviesUtil: Movie list size 20
07-11 11:55:32.394 24345-24359/de.pacheco.popularmovies V/MoviesUtil: Built URI https://api.themoviedb.org/3/movie/popular?api_key=8673177ce6acc598e038df55449f7e1c&page=29
07-11 11:55:32.425 24345-24359/de.pacheco.popularmovies D/MoviesUtil: Movie without poster ignored: Untitled Universal Event Film (Nov 2020)
07-11 11:55:32.431 24345-24359/de.pacheco.popularmovies V/MoviesUtil: Movie list size 19
07-11 11:55:32.431 24345-24359/de.pacheco.popularmovies V/MoviesUtil: Built URI https://api.themoviedb.org/3/movie/popular?api_key=8673177ce6acc598e038df55449f7e1c&page=30
07-11 11:55:32.459 24345-24359/de.pacheco.popularmovies D/MoviesUtil: Movie without poster ignored: Mangrove
07-11 11:55:32.467 24345-24359/de.pacheco.popularmovies V/MoviesUtil: Movie list size 19
07-11 11:55:32.468 24345-24359/de.pacheco.popularmovies V/MoviesUtil: Built URI https://api.themoviedb.org/3/movie/popular?api_key=8673177ce6acc598e038df55449f7e1c&page=31
07-11 11:55:32.508 24345-24359/de.pacheco.popularmovies V/MoviesUtil: Movie list size 20
07-11 11:55:32.509 24345-24359/de.pacheco.popularmovies V/MoviesUtil: Built URI https://api.themoviedb.org/3/movie/popular?api_key=8673177ce6acc598e038df55449f7e1c&page=32
07-11 11:55:32.547 24345-24359/de.pacheco.popularmovies V/MoviesUtil: Movie list size 20
07-11 11:55:32.547 24345-24359/de.pacheco.popularmovies V/MoviesUtil: Built URI https://api.themoviedb.org/3/movie/popular?api_key=8673177ce6acc598e038df55449f7e1c&page=33
07-11 11:55:32.598 24345-24359/de.pacheco.popularmovies V/MoviesUtil: Movie list size 20
07-11 11:55:32.598 24345-24359/de.pacheco.popularmovies V/MoviesUtil: Built URI https://api.themoviedb.org/3/movie/popular?api_key=8673177ce6acc598e038df55449f7e1c&page=34
07-11 11:55:32.642 24345-24359/de.pacheco.popularmovies V/MoviesUtil: Movie list size 20
07-11 11:55:32.643 24345-24359/de.pacheco.popularmovies V/MoviesUtil: Built URI https://api.themoviedb.org/3/movie/popular?api_key=8673177ce6acc598e038df55449f7e1c&page=35
07-11 11:55:32.691 24345-24359/de.pacheco.popularmovies V/MoviesUtil: Movie list size 20
07-11 11:55:32.691 24345-24359/de.pacheco.popularmovies V/MoviesUtil: Built URI https://api.themoviedb.org/3/movie/popular?api_key=8673177ce6acc598e038df55449f7e1c&page=36
07-11 11:55:32.724 24345-24359/de.pacheco.popularmovies D/MoviesUtil: Movie without poster ignored: Blue And Curt
07-11 11:55:32.727 24345-24359/de.pacheco.popularmovies V/MoviesUtil: Movie list size 19
07-11 11:55:32.727 24345-24359/de.pacheco.popularmovies V/MoviesUtil: Built URI https://api.themoviedb.org/3/movie/popular?api_key=8673177ce6acc598e038df55449f7e1c&page=37
07-11 11:55:32.792 24345-24359/de.pacheco.popularmovies V/MoviesUtil: Movie list size 20
07-11 11:55:32.792 24345-24359/de.pacheco.popularmovies V/MoviesUtil: Built URI https://api.themoviedb.org/3/movie/popular?api_key=8673177ce6acc598e038df55449f7e1c&page=38
07-11 11:55:32.841 24345-24359/de.pacheco.popularmovies V/MoviesUtil: Movie list size 20
07-11 11:55:32.841 24345-24359/de.pacheco.popularmovies V/MoviesUtil: Built URI https://api.themoviedb.org/3/movie/popular?api_key=8673177ce6acc598e038df55449f7e1c&page=39
07-11 11:55:32.892 24345-24359/de.pacheco.popularmovies V/MoviesUtil: Movie list size 20
07-11 11:55:32.892 24345-24359/de.pacheco.popularmovies V/MoviesUtil: Built URI https://api.themoviedb.org/3/movie/popular?api_key=8673177ce6acc598e038df55449f7e1c&page=40
07-11 11:55:32.923 24345-24359/de.pacheco.popularmovies D/MoviesUtil: Movie without poster ignored: Waves (2020)
07-11 11:55:32.925 24345-24359/de.pacheco.popularmovies V/MoviesUtil: Movie list size 19
07-11 11:55:32.925 24345-24359/de.pacheco.popularmovies V/MoviesUtil: Built URI https://api.themoviedb.org/3/movie/popular?api_key=8673177ce6acc598e038df55449f7e1c&page=41
07-11 11:55:32.936 24345-24345/de.pacheco.popularmovies I/ViewRootImpl: ViewRoot's Touch Event : ACTION_DOWN
07-11 11:55:32.957 24345-24359/de.pacheco.popularmovies V/MoviesUtil: Movie list size 20
07-11 11:55:32.957 24345-24359/de.pacheco.popularmovies V/MoviesUtil: Built URI https://api.themoviedb.org/3/movie/popular?api_key=8673177ce6acc598e038df55449f7e1c&page=42
07-11 11:55:32.991 24345-24359/de.pacheco.popularmovies V/MoviesUtil: Movie list size 20
07-11 11:55:32.991 24345-24359/de.pacheco.popularmovies V/MoviesUtil: Built URI https://api.themoviedb.org/3/movie/popular?api_key=8673177ce6acc598e038df55449f7e1c&page=43
07-11 11:55:33.045 24345-24359/de.pacheco.popularmovies D/MoviesUtil: Movie without poster ignored: The Creature
07-11 11:55:33.062 24345-24359/de.pacheco.popularmovies V/MoviesUtil: Movie list size 19
07-11 11:55:33.062 24345-24359/de.pacheco.popularmovies V/MoviesUtil: Built URI https://api.themoviedb.org/3/movie/popular?api_key=8673177ce6acc598e038df55449f7e1c&page=44
07-11 11:55:33.100 24345-24359/de.pacheco.popularmovies D/MoviesUtil: Movie without poster ignored: Possessed
07-11 11:55:33.110 24345-24359/de.pacheco.popularmovies D/MoviesUtil: Movie without poster ignored: Grandpa Was An Emperor
07-11 11:55:33.112 24345-24359/de.pacheco.popularmovies V/MoviesUtil: Movie list size 18
07-11 11:55:33.112 24345-24359/de.pacheco.popularmovies V/MoviesUtil: Built URI https://api.themoviedb.org/3/movie/popular?api_key=8673177ce6acc598e038df55449f7e1c&page=45
07-11 11:55:33.149 24345-24359/de.pacheco.popularmovies V/MoviesUtil: Movie list size 20
07-11 11:55:33.149 24345-24359/de.pacheco.popularmovies V/MoviesUtil: Built URI https://api.themoviedb.org/3/movie/popular?api_key=8673177ce6acc598e038df55449f7e1c&page=46
07-11 11:55:33.187 24345-24359/de.pacheco.popularmovies V/MoviesUtil: Movie list size 20
07-11 11:55:33.187 24345-24359/de.pacheco.popularmovies V/MoviesUtil: Built URI https://api.themoviedb.org/3/movie/popular?api_key=8673177ce6acc598e038df55449f7e1c&page=47
07-11 11:55:33.247 24345-24359/de.pacheco.popularmovies V/MoviesUtil: Movie list size 20
07-11 11:55:33.248 24345-24359/de.pacheco.popularmovies V/MoviesUtil: Built URI https://api.themoviedb.org/3/movie/popular?api_key=8673177ce6acc598e038df55449f7e1c&page=48
07-11 11:55:33.286 24345-24359/de.pacheco.popularmovies V/MoviesUtil: Movie list size 20
07-11 11:55:33.286 24345-24359/de.pacheco.popularmovies V/MoviesUtil: Built URI https://api.themoviedb.org/3/movie/popular?api_key=8673177ce6acc598e038df55449f7e1c&page=49
07-11 11:55:33.320 24345-24359/de.pacheco.popularmovies D/MoviesUtil: Movie without poster ignored: The Duke
07-11 11:55:33.329 24345-24359/de.pacheco.popularmovies V/MoviesUtil: Movie list size 19
07-11 11:55:33.329 24345-24359/de.pacheco.popularmovies V/MoviesUtil: Built URI https://api.themoviedb.org/3/movie/popular?api_key=8673177ce6acc598e038df55449f7e1c&page=50
07-11 11:55:33.363 24345-24345/de.pacheco.popularmovies I/ViewRootImpl: ViewRoot's Touch Event : ACTION_UP
07-11 11:55:33.376 24345-24359/de.pacheco.popularmovies D/MoviesUtil: Movie without poster ignored: X-Men: Production Scrapbook
07-11 11:55:33.382 24345-24359/de.pacheco.popularmovies V/MoviesUtil: Movie list size 19
07-11 11:55:33.382 24345-24359/de.pacheco.popularmovies V/MoviesUtil: Built URI https://api.themoviedb.org/3/movie/popular?api_key=8673177ce6acc598e038df55449f7e1c&page=51
07-11 11:55:33.409 24345-24359/de.pacheco.popularmovies D/MoviesUtil: Movie without poster ignored: There is an Alien Here
07-11 11:55:33.411 24345-24359/de.pacheco.popularmovies D/MoviesUtil: Movie without poster ignored: Go Back
07-11 11:55:33.416 24345-24359/de.pacheco.popularmovies V/MoviesUtil: Movie list size 18
07-11 11:55:33.416 24345-24359/de.pacheco.popularmovies V/MoviesUtil: Built URI https://api.themoviedb.org/3/movie/popular?api_key=8673177ce6acc598e038df55449f7e1c&page=52
07-11 11:55:33.451 24345-24359/de.pacheco.popularmovies V/MoviesUtil: Movie list size 20
07-11 11:55:33.451 24345-24359/de.pacheco.popularmovies V/MoviesUtil: Built URI https://api.themoviedb.org/3/movie/popular?api_key=8673177ce6acc598e038df55449f7e1c&page=53
07-11 11:55:33.486 24345-24359/de.pacheco.popularmovies V/MoviesUtil: Movie list size 20
07-11 11:55:33.486 24345-24359/de.pacheco.popularmovies V/MoviesUtil: Built URI https://api.themoviedb.org/3/movie/popular?api_key=8673177ce6acc598e038df55449f7e1c&page=54
07-11 11:55:33.548 24345-24359/de.pacheco.popularmovies V/MoviesUtil: Movie list size 20
07-11 11:55:33.549 24345-24359/de.pacheco.popularmovies V/MoviesUtil: Built URI https://api.themoviedb.org/3/movie/popular?api_key=8673177ce6acc598e038df55449f7e1c&page=55
07-11 11:55:33.635 24345-24359/de.pacheco.popularmovies V/MoviesUtil: Movie list size 20
07-11 11:55:33.635 24345-24359/de.pacheco.popularmovies V/MoviesUtil: Built URI https://api.themoviedb.org/3/movie/popular?api_key=8673177ce6acc598e038df55449f7e1c&page=56
07-11 11:55:33.673 24345-24359/de.pacheco.popularmovies V/MoviesUtil: Movie list size 20
07-11 11:55:33.673 24345-24359/de.pacheco.popularmovies V/MoviesUtil: Built URI https://api.themoviedb.org/3/movie/popular?api_key=8673177ce6acc598e038df55449f7e1c&page=57
07-11 11:55:33.734 24345-24359/de.pacheco.popularmovies V/MoviesUtil: Movie list size 20
07-11 11:55:33.734 24345-24359/de.pacheco.popularmovies V/MoviesUtil: Built URI https://api.themoviedb.org/3/movie/popular?api_key=8673177ce6acc598e038df55449f7e1c&page=58
07-11 11:55:33.807 24345-24359/de.pacheco.popularmovies D/MoviesUtil: Movie without poster ignored: 너의 시선이 머무는 곳에
07-11 11:55:33.818 24345-24359/de.pacheco.popularmovies V/MoviesUtil: Movie list size 19
07-11 11:55:33.818 24345-24359/de.pacheco.popularmovies V/MoviesUtil: Built URI https://api.themoviedb.org/3/movie/popular?api_key=8673177ce6acc598e038df55449f7e1c&page=59
07-11 11:55:33.858 24345-24359/de.pacheco.popularmovies V/MoviesUtil: Movie list size 20
07-11 11:55:33.858 24345-24359/de.pacheco.popularmovies V/MoviesUtil: Built URI https://api.themoviedb.org/3/movie/popular?api_key=8673177ce6acc598e038df55449f7e1c&page=60
07-11 11:55:33.896 24345-24359/de.pacheco.popularmovies V/MoviesUtil: Movie list size 20
07-11 11:55:33.896 24345-24359/de.pacheco.popularmovies V/MoviesUtil: Built URI https://api.themoviedb.org/3/movie/popular?api_key=8673177ce6acc598e038df55449f7e1c&page=61
07-11 11:55:33.934 24345-24359/de.pacheco.popularmovies V/MoviesUtil: Movie list size 20
07-11 11:55:33.934 24345-24359/de.pacheco.popularmovies V/MoviesUtil: Built URI https://api.themoviedb.org/3/movie/popular?api_key=8673177ce6acc598e038df55449f7e1c&page=62
07-11 11:55:33.980 24345-24359/de.pacheco.popularmovies V/MoviesUtil: Movie list size 20
07-11 11:55:33.980 24345-24359/de.pacheco.popularmovies V/MoviesUtil: Built URI https://api.themoviedb.org/3/movie/popular?api_key=8673177ce6acc598e038df55449f7e1c&page=63
07-11 11:55:34.036 24345-24359/de.pacheco.popularmovies V/MoviesUtil: Movie list size 20
07-11 11:55:34.036 24345-24359/de.pacheco.popularmovies V/MoviesUtil: Built URI https://api.themoviedb.org/3/movie/popular?api_key=8673177ce6acc598e038df55449f7e1c&page=64
07-11 11:55:34.086 24345-24359/de.pacheco.popularmovies V/MoviesUtil: Movie list size 20
07-11 11:55:34.086 24345-24359/de.pacheco.popularmovies V/MoviesUtil: Built URI https://api.themoviedb.org/3/movie/popular?api_key=8673177ce6acc598e038df55449f7e1c&page=65
07-11 11:55:34.127 24345-24359/de.pacheco.popularmovies V/MoviesUtil: Movie list size 20
07-11 11:55:34.127 24345-24359/de.pacheco.popularmovies V/MoviesUtil: Built URI https://api.themoviedb.org/3/movie/popular?api_key=8673177ce6acc598e038df55449f7e1c&page=66
07-11 11:55:34.167 24345-24359/de.pacheco.popularmovies V/MoviesUtil: Movie list size 20
07-11 11:55:34.168 24345-24359/de.pacheco.popularmovies V/MoviesUtil: Built URI https://api.themoviedb.org/3/movie/popular?api_key=8673177ce6acc598e038df55449f7e1c&page=67
07-11 11:55:34.207 24345-24359/de.pacheco.popularmovies V/MoviesUtil: Movie list size 20
07-11 11:55:34.207 24345-24359/de.pacheco.popularmovies V/MoviesUtil: Built URI https://api.themoviedb.org/3/movie/popular?api_key=8673177ce6acc598e038df55449f7e1c&page=68
07-11 11:55:34.239 24345-24359/de.pacheco.popularmovies D/MoviesUtil: Movie without poster ignored: Hunger
07-11 11:55:34.239 24345-24359/de.pacheco.popularmovies V/MoviesUtil: Movie list size 19
07-11 11:55:34.240 24345-24359/de.pacheco.popularmovies V/MoviesUtil: Built URI https://api.themoviedb.org/3/movie/popular?api_key=8673177ce6acc598e038df55449f7e1c&page=69
07-11 11:55:34.288 24345-24359/de.pacheco.popularmovies V/MoviesUtil: Movie list size 20
07-11 11:55:34.289 24345-24359/de.pacheco.popularmovies V/MoviesUtil: Built URI https://api.themoviedb.org/3/movie/popular?api_key=8673177ce6acc598e038df55449f7e1c&page=70
07-11 11:55:34.331 24345-24359/de.pacheco.popularmovies V/MoviesUtil: Movie list size 20
07-11 11:55:34.331 24345-24359/de.pacheco.popularmovies V/MoviesUtil: Built URI https://api.themoviedb.org/3/movie/popular?api_key=8673177ce6acc598e038df55449f7e1c&page=71
07-11 11:55:34.381 24345-24359/de.pacheco.popularmovies V/MoviesUtil: Movie list size 20
07-11 11:55:34.381 24345-24359/de.pacheco.popularmovies V/MoviesUtil: Built URI https://api.themoviedb.org/3/movie/popular?api_key=8673177ce6acc598e038df55449f7e1c&page=72
07-11 11:55:34.419 24345-24359/de.pacheco.popularmovies V/MoviesUtil: Movie list size 20
07-11 11:55:34.419 24345-24359/de.pacheco.popularmovies V/MoviesUtil: Built URI https://api.themoviedb.org/3/movie/popular?api_key=8673177ce6acc598e038df55449f7e1c&page=73
07-11 11:55:34.449 24345-24359/de.pacheco.popularmovies V/MoviesUtil: Movie list size 20
07-11 11:55:34.449 24345-24359/de.pacheco.popularmovies V/MoviesUtil: Built URI https://api.themoviedb.org/3/movie/popular?api_key=8673177ce6acc598e038df55449f7e1c&page=74
07-11 11:55:34.482 24345-24359/de.pacheco.popularmovies V/MoviesUtil: Movie list size 20
07-11 11:55:34.482 24345-24359/de.pacheco.popularmovies V/MoviesUtil: Built URI https://api.themoviedb.org/3/movie/popular?api_key=8673177ce6acc598e038df55449f7e1c&page=75
07-11 11:55:34.544 24345-24359/de.pacheco.popularmovies V/MoviesUtil: Movie list size 20
07-11 11:55:34.544 24345-24359/de.pacheco.popularmovies V/MoviesUtil: Built URI https://api.themoviedb.org/3/movie/popular?api_key=8673177ce6acc598e038df55449f7e1c&page=76
07-11 11:55:34.598 24345-24359/de.pacheco.popularmovies V/MoviesUtil: Movie list size 20
07-11 11:55:34.598 24345-24359/de.pacheco.popularmovies V/MoviesUtil: Built URI https://api.themoviedb.org/3/movie/popular?api_key=8673177ce6acc598e038df55449f7e1c&page=77
07-11 11:55:34.628 24345-24359/de.pacheco.popularmovies V/MoviesUtil: Movie list size 20
07-11 11:55:34.628 24345-24359/de.pacheco.popularmovies V/MoviesUtil: Built URI https://api.themoviedb.org/3/movie/popular?api_key=8673177ce6acc598e038df55449f7e1c&page=78
07-11 11:55:34.664 24345-24359/de.pacheco.popularmovies V/MoviesUtil: Movie list size 20
07-11 11:55:34.664 24345-24359/de.pacheco.popularmovies V/MoviesUtil: Built URI https://api.themoviedb.org/3/movie/popular?api_key=8673177ce6acc598e038df55449f7e1c&page=79
07-11 11:55:34.678 24345-24345/de.pacheco.popularmovies I/ViewRootImpl: ViewRoot's Touch Event : ACTION_DOWN
07-11 11:55:34.700 24345-24359/de.pacheco.popularmovies V/MoviesUtil: Movie list size 20
07-11 11:55:34.700 24345-24359/de.pacheco.popularmovies V/MoviesUtil: Built URI https://api.themoviedb.org/3/movie/popular?api_key=8673177ce6acc598e038df55449f7e1c&page=80
07-11 11:55:34.739 24345-24359/de.pacheco.popularmovies V/MoviesUtil: Movie list size 20
07-11 11:55:34.740 24345-24359/de.pacheco.popularmovies V/MoviesUtil: Built URI https://api.themoviedb.org/3/movie/popular?api_key=8673177ce6acc598e038df55449f7e1c&page=81
07-11 11:55:34.806 24345-24359/de.pacheco.popularmovies V/MoviesUtil: Movie list size 20
07-11 11:55:34.806 24345-24359/de.pacheco.popularmovies V/MoviesUtil: Built URI https://api.themoviedb.org/3/movie/popular?api_key=8673177ce6acc598e038df55449f7e1c&page=82
07-11 11:55:34.900 24345-24345/de.pacheco.popularmovies I/ViewRootImpl: ViewRoot's Touch Event : ACTION_UP
07-11 11:55:34.903 24345-24359/de.pacheco.popularmovies V/MoviesUtil: Movie list size 20
07-11 11:55:34.903 24345-24359/de.pacheco.popularmovies V/MoviesUtil: Built URI https://api.themoviedb.org/3/movie/popular?api_key=8673177ce6acc598e038df55449f7e1c&page=83
07-11 11:55:34.946 24345-24359/de.pacheco.popularmovies V/MoviesUtil: Movie list size 20
07-11 11:55:34.946 24345-24359/de.pacheco.popularmovies V/MoviesUtil: Built URI https://api.themoviedb.org/3/movie/popular?api_key=8673177ce6acc598e038df55449f7e1c&page=84
07-11 11:55:34.982 24345-24359/de.pacheco.popularmovies V/MoviesUtil: Movie list size 20
07-11 11:55:34.982 24345-24359/de.pacheco.popularmovies V/MoviesUtil: Built URI https://api.themoviedb.org/3/movie/popular?api_key=8673177ce6acc598e038df55449f7e1c&page=85
07-11 11:55:35.027 24345-24359/de.pacheco.popularmovies V/MoviesUtil: Movie list size 20
07-11 11:55:35.028 24345-24359/de.pacheco.popularmovies V/MoviesUtil: Built URI https://api.themoviedb.org/3/movie/popular?api_key=8673177ce6acc598e038df55449f7e1c&page=86
07-11 11:55:35.083 24345-24359/de.pacheco.popularmovies V/MoviesUtil: Movie list size 20
07-11 11:55:35.084 24345-24359/de.pacheco.popularmovies V/MoviesUtil: Built URI https://api.themoviedb.org/3/movie/popular?api_key=8673177ce6acc598e038df55449f7e1c&page=87
07-11 11:55:35.136 24345-24359/de.pacheco.popularmovies V/MoviesUtil: Movie list size 20
07-11 11:55:35.136 24345-24359/de.pacheco.popularmovies V/MoviesUtil: Built URI https://api.themoviedb.org/3/movie/popular?api_key=8673177ce6acc598e038df55449f7e1c&page=88
07-11 11:55:35.183 24345-24359/de.pacheco.popularmovies V/MoviesUtil: Movie list size 20
07-11 11:55:35.183 24345-24359/de.pacheco.popularmovies V/MoviesUtil: Built URI https://api.themoviedb.org/3/movie/popular?api_key=8673177ce6acc598e038df55449f7e1c&page=89
07-11 11:55:35.234 24345-24359/de.pacheco.popularmovies V/MoviesUtil: Movie list size 20
07-11 11:55:35.234 24345-24359/de.pacheco.popularmovies V/MoviesUtil: Built URI https://api.themoviedb.org/3/movie/popular?api_key=8673177ce6acc598e038df55449f7e1c&page=90
07-11 11:55:35.271 24345-24359/de.pacheco.popularmovies V/MoviesUtil: Movie list size 20
07-11 11:55:35.271 24345-24359/de.pacheco.popularmovies V/MoviesUtil: Built URI https://api.themoviedb.org/3/movie/popular?api_key=8673177ce6acc598e038df55449f7e1c&page=91
07-11 11:55:35.339 24345-24359/de.pacheco.popularmovies V/MoviesUtil: Movie list size 20
07-11 11:55:35.339 24345-24359/de.pacheco.popularmovies V/MoviesUtil: Built URI https://api.themoviedb.org/3/movie/popular?api_key=8673177ce6acc598e038df55449f7e1c&page=92
07-11 11:55:35.382 24345-24359/de.pacheco.popularmovies V/MoviesUtil: Movie list size 20
07-11 11:55:35.382 24345-24359/de.pacheco.popularmovies V/MoviesUtil: Built URI https://api.themoviedb.org/3/movie/popular?api_key=8673177ce6acc598e038df55449f7e1c&page=93
07-11 11:55:35.422 24345-24359/de.pacheco.popularmovies V/MoviesUtil: Movie list size 20
07-11 11:55:35.422 24345-24359/de.pacheco.popularmovies V/MoviesUtil: Built URI https://api.themoviedb.org/3/movie/popular?api_key=8673177ce6acc598e038df55449f7e1c&page=94
07-11 11:55:35.460 24345-24359/de.pacheco.popularmovies V/MoviesUtil: Movie list size 20
07-11 11:55:35.460 24345-24359/de.pacheco.popularmovies V/MoviesUtil: Built URI https://api.themoviedb.org/3/movie/popular?api_key=8673177ce6acc598e038df55449f7e1c&page=95
07-11 11:55:35.506 24345-24359/de.pacheco.popularmovies V/MoviesUtil: Movie list size 20
07-11 11:55:35.506 24345-24359/de.pacheco.popularmovies V/MoviesUtil: Built URI https://api.themoviedb.org/3/movie/popular?api_key=8673177ce6acc598e038df55449f7e1c&page=96
07-11 11:55:35.576 24345-24359/de.pacheco.popularmovies V/MoviesUtil: Movie list size 20
07-11 11:55:35.576 24345-24359/de.pacheco.popularmovies V/MoviesUtil: Built URI https://api.themoviedb.org/3/movie/popular?api_key=8673177ce6acc598e038df55449f7e1c&page=97
07-11 11:55:35.620 24345-24359/de.pacheco.popularmovies V/MoviesUtil: Movie list size 20
07-11 11:55:35.621 24345-24359/de.pacheco.popularmovies V/MoviesUtil: Built URI https://api.themoviedb.org/3/movie/popular?api_key=8673177ce6acc598e038df55449f7e1c&page=98
07-11 11:55:35.666 24345-24359/de.pacheco.popularmovies V/MoviesUtil: Movie list size 20
07-11 11:55:35.667 24345-24359/de.pacheco.popularmovies V/MoviesUtil: Built URI https://api.themoviedb.org/3/movie/popular?api_key=8673177ce6acc598e038df55449f7e1c&page=99
07-11 11:55:35.722 24345-24359/de.pacheco.popularmovies V/MoviesUtil: Movie list size 20
07-11 11:55:35.722 24345-24359/de.pacheco.popularmovies V/MoviesUtil: Built URI https://api.themoviedb.org/3/movie/popular?api_key=8673177ce6acc598e038df55449f7e1c&page=100
07-11 11:55:35.775 24345-24359/de.pacheco.popularmovies V/MoviesUtil: Movie list size 20
07-11 11:55:35.775 24345-24359/de.pacheco.popularmovies V/MoviesUtil: Built URI https://api.themoviedb.org/3/movie/popular?api_key=8673177ce6acc598e038df55449f7e1c&page=101
07-11 11:55:35.815 24345-24359/de.pacheco.popularmovies V/MoviesUtil: Movie list size 20
07-11 11:55:35.815 24345-24359/de.pacheco.popularmovies V/MoviesUtil: Built URI https://api.themoviedb.org/3/movie/popular?api_key=8673177ce6acc598e038df55449f7e1c&page=102
07-11 11:55:35.880 24345-24359/de.pacheco.popularmovies V/MoviesUtil: Movie list size 20
07-11 11:55:35.881 24345-24359/de.pacheco.popularmovies V/MoviesUtil: Built URI https://api.themoviedb.org/3/movie/popular?api_key=8673177ce6acc598e038df55449f7e1c&page=103
07-11 11:55:35.930 24345-24359/de.pacheco.popularmovies V/MoviesUtil: Movie list size 20
07-11 11:55:35.930 24345-24359/de.pacheco.popularmovies V/MoviesUtil: Built URI https://api.themoviedb.org/3/movie/popular?api_key=8673177ce6acc598e038df55449f7e1c&page=104
07-11 11:55:36.002 24345-24359/de.pacheco.popularmovies V/MoviesUtil: Movie list size 20
07-11 11:55:36.002 24345-24359/de.pacheco.popularmovies V/MoviesUtil: Built URI https://api.themoviedb.org/3/movie/popular?api_key=8673177ce6acc598e038df55449f7e1c&page=105
07-11 11:55:36.073 24345-24359/de.pacheco.popularmovies V/MoviesUtil: Movie list size 20
07-11 11:55:36.074 24345-24359/de.pacheco.popularmovies V/MoviesUtil: Built URI https://api.themoviedb.org/3/movie/popular?api_key=8673177ce6acc598e038df55449f7e1c&page=106
07-11 11:55:36.129 24345-24359/de.pacheco.popularmovies V/MoviesUtil: Movie list size 20
07-11 11:55:36.129 24345-24359/de.pacheco.popularmovies V/MoviesUtil: Built URI https://api.themoviedb.org/3/movie/popular?api_key=8673177ce6acc598e038df55449f7e1c&page=107
07-11 11:55:36.182 24345-24359/de.pacheco.popularmovies V/MoviesUtil: Movie list size 20
07-11 11:55:36.182 24345-24359/de.pacheco.popularmovies V/MoviesUtil: Built URI https://api.themoviedb.org/3/movie/popular?api_key=8673177ce6acc598e038df55449f7e1c&page=108
07-11 11:55:36.243 24345-24359/de.pacheco.popularmovies V/MoviesUtil: Movie list size 20
07-11 11:55:36.244 24345-24359/de.pacheco.popularmovies V/MoviesUtil: Built URI https://api.themoviedb.org/3/movie/popular?api_key=8673177ce6acc598e038df55449f7e1c&page=109
07-11 11:55:36.245 24345-24345/de.pacheco.popularmovies I/Choreographer: Skipped 63 frames!  The application may be doing too much work on its main thread.
07-11 11:55:36.295 24345-24359/de.pacheco.popularmovies V/MoviesUtil: Movie list size 20
07-11 11:55:36.295 24345-24359/de.pacheco.popularmovies V/MoviesUtil: Built URI https://api.themoviedb.org/3/movie/popular?api_key=8673177ce6acc598e038df55449f7e1c&page=110
07-11 11:55:36.345 24345-24359/de.pacheco.popularmovies V/MoviesUtil: Movie list size 20
07-11 11:55:36.345 24345-24359/de.pacheco.popularmovies V/MoviesUtil: Built URI https://api.themoviedb.org/3/movie/popular?api_key=8673177ce6acc598e038df55449f7e1c&page=111
07-11 11:55:36.376 24345-24359/de.pacheco.popularmovies D/MoviesUtil: Movie without poster ignored: Untitled WB Event Film #2
07-11 11:55:36.383 24345-24359/de.pacheco.popularmovies V/MoviesUtil: Movie list size 19
07-11 11:55:36.383 24345-24359/de.pacheco.popularmovies V/MoviesUtil: Built URI https://api.themoviedb.org/3/movie/popular?api_key=8673177ce6acc598e038df55449f7e1c&page=112
07-11 11:55:36.434 24345-24359/de.pacheco.popularmovies V/MoviesUtil: Movie list size 20
07-11 11:55:36.434 24345-24359/de.pacheco.popularmovies V/MoviesUtil: Built URI https://api.themoviedb.org/3/movie/popular?api_key=8673177ce6acc598e038df55449f7e1c&page=113
07-11 11:55:36.493 24345-24359/de.pacheco.popularmovies V/MoviesUtil: Movie list size 20
07-11 11:55:36.494 24345-24359/de.pacheco.popularmovies V/MoviesUtil: Built URI https://api.themoviedb.org/3/movie/popular?api_key=8673177ce6acc598e038df55449f7e1c&page=114
07-11 11:55:36.567 24345-24359/de.pacheco.popularmovies V/MoviesUtil: Movie list size 20
07-11 11:55:36.567 24345-24359/de.pacheco.popularmovies V/MoviesUtil: Built URI https://api.themoviedb.org/3/movie/popular?api_key=8673177ce6acc598e038df55449f7e1c&page=115
07-11 11:55:36.610 24345-24359/de.pacheco.popularmovies V/MoviesUtil: Movie list size 20
07-11 11:55:36.610 24345-24359/de.pacheco.popularmovies V/MoviesUtil: Built URI https://api.themoviedb.org/3/movie/popular?api_key=8673177ce6acc598e038df55449f7e1c&page=116
07-11 11:55:36.652 24345-24359/de.pacheco.popularmovies V/MoviesUtil: Movie list size 20
07-11 11:55:36.652 24345-24359/de.pacheco.popularmovies V/MoviesUtil: Built URI https://api.themoviedb.org/3/movie/popular?api_key=8673177ce6acc598e038df55449f7e1c&page=117
07-11 11:55:36.689 24345-24359/de.pacheco.popularmovies V/MoviesUtil: Movie list size 20
07-11 11:55:36.689 24345-24359/de.pacheco.popularmovies V/MoviesUtil: Built URI https://api.themoviedb.org/3/movie/popular?api_key=8673177ce6acc598e038df55449f7e1c&page=118
07-11 11:55:36.736 24345-24359/de.pacheco.popularmovies V/MoviesUtil: Movie list size 20
07-11 11:55:36.737 24345-24359/de.pacheco.popularmovies V/MoviesUtil: Built URI https://api.themoviedb.org/3/movie/popular?api_key=8673177ce6acc598e038df55449f7e1c&page=119
07-11 11:55:36.788 24345-24359/de.pacheco.popularmovies V/MoviesUtil: Movie list size 20
07-11 11:55:36.788 24345-24359/de.pacheco.popularmovies V/MoviesUtil: Built URI https://api.themoviedb.org/3/movie/popular?api_key=8673177ce6acc598e038df55449f7e1c&page=120
07-11 11:55:36.841 24345-24359/de.pacheco.popularmovies V/MoviesUtil: Movie list size 20
07-11 11:55:36.841 24345-24359/de.pacheco.popularmovies V/MoviesUtil: Built URI https://api.themoviedb.org/3/movie/popular?api_key=8673177ce6acc598e038df55449f7e1c&page=121
07-11 11:55:36.883 24345-24359/de.pacheco.popularmovies V/MoviesUtil: Movie list size 20
07-11 11:55:36.883 24345-24359/de.pacheco.popularmovies V/MoviesUtil: Built URI https://api.themoviedb.org/3/movie/popular?api_key=8673177ce6acc598e038df55449f7e1c&page=122
07-11 11:55:36.925 24345-24359/de.pacheco.popularmovies V/MoviesUtil: Movie list size 20
07-11 11:55:36.926 24345-24359/de.pacheco.popularmovies V/MoviesUtil: Built URI https://api.themoviedb.org/3/movie/popular?api_key=8673177ce6acc598e038df55449f7e1c&page=123
07-11 11:55:37.178 24345-24359/de.pacheco.popularmovies V/MoviesUtil: Movie list size 20
07-11 11:55:37.178 24345-24359/de.pacheco.popularmovies V/MoviesUtil: Built URI https://api.themoviedb.org/3/movie/popular?api_key=8673177ce6acc598e038df55449f7e1c&page=124
07-11 11:55:37.237 24345-24359/de.pacheco.popularmovies V/MoviesUtil: Movie list size 20
07-11 11:55:37.238 24345-24359/de.pacheco.popularmovies V/MoviesUtil: Built URI https://api.themoviedb.org/3/movie/popular?api_key=8673177ce6acc598e038df55449f7e1c&page=125
07-11 11:55:37.275 24345-24359/de.pacheco.popularmovies V/MoviesUtil: Movie list size 20
07-11 11:55:37.275 24345-24359/de.pacheco.popularmovies V/MoviesUtil: Built URI https://api.themoviedb.org/3/movie/popular?api_key=8673177ce6acc598e038df55449f7e1c&page=126
07-11 11:55:37.311 24345-24359/de.pacheco.popularmovies V/MoviesUtil: Movie list size 20
07-11 11:55:37.311 24345-24359/de.pacheco.popularmovies V/MoviesUtil: Built URI https://api.themoviedb.org/3/movie/popular?api_key=8673177ce6acc598e038df55449f7e1c&page=127
07-11 11:55:37.360 24345-24359/de.pacheco.popularmovies V/MoviesUtil: Movie list size 20
07-11 11:55:37.361 24345-24359/de.pacheco.popularmovies V/MoviesUtil: Built URI https://api.themoviedb.org/3/movie/popular?api_key=8673177ce6acc598e038df55449f7e1c&page=128
07-11 11:55:37.397 24345-24359/de.pacheco.popularmovies V/MoviesUtil: Movie list size 20
07-11 11:55:37.397 24345-24359/de.pacheco.popularmovies V/MoviesUtil: Built URI https://api.themoviedb.org/3/movie/popular?api_key=8673177ce6acc598e038df55449f7e1c&page=129
07-11 11:55:37.673 24345-24359/de.pacheco.popularmovies V/MoviesUtil: Movie list size 20
07-11 11:55:37.673 24345-24359/de.pacheco.popularmovies V/MoviesUtil: Built URI https://api.themoviedb.org/3/movie/popular?api_key=8673177ce6acc598e038df55449f7e1c&page=130
07-11 11:55:37.707 24345-24359/de.pacheco.popularmovies V/MoviesUtil: Movie list size 20
07-11 11:55:37.707 24345-24359/de.pacheco.popularmovies V/MoviesUtil: Built URI https://api.themoviedb.org/3/movie/popular?api_key=8673177ce6acc598e038df55449f7e1c&page=131
07-11 11:55:37.741 24345-24359/de.pacheco.popularmovies V/MoviesUtil: Movie list size 20
07-11 11:55:37.741 24345-24359/de.pacheco.popularmovies V/MoviesUtil: Built URI https://api.themoviedb.org/3/movie/popular?api_key=8673177ce6acc598e038df55449f7e1c&page=132
07-11 11:55:37.782 24345-24359/de.pacheco.popularmovies V/MoviesUtil: Movie list size 20
07-11 11:55:37.782 24345-24359/de.pacheco.popularmovies V/MoviesUtil: Built URI https://api.themoviedb.org/3/movie/popular?api_key=8673177ce6acc598e038df55449f7e1c&page=133
07-11 11:55:37.818 24345-24359/de.pacheco.popularmovies V/MoviesUtil: Movie list size 20
07-11 11:55:37.818 24345-24359/de.pacheco.popularmovies V/MoviesUtil: Built URI https://api.themoviedb.org/3/movie/popular?api_key=8673177ce6acc598e038df55449f7e1c&page=134
07-11 11:55:37.854 24345-24359/de.pacheco.popularmovies V/MoviesUtil: Movie list size 20
07-11 11:55:37.854 24345-24359/de.pacheco.popularmovies V/MoviesUtil: Built URI https://api.themoviedb.org/3/movie/popular?api_key=8673177ce6acc598e038df55449f7e1c&page=135
07-11 11:55:37.889 24345-24359/de.pacheco.popularmovies V/MoviesUtil: Movie list size 20
07-11 11:55:37.889 24345-24359/de.pacheco.popularmovies V/MoviesUtil: Built URI https://api.themoviedb.org/3/movie/popular?api_key=8673177ce6acc598e038df55449f7e1c&page=136
07-11 11:55:37.922 24345-24359/de.pacheco.popularmovies V/MoviesUtil: Movie list size 20
07-11 11:55:37.922 24345-24359/de.pacheco.popularmovies V/MoviesUtil: Built URI https://api.themoviedb.org/3/movie/popular?api_key=8673177ce6acc598e038df55449f7e1c&page=137
07-11 11:55:37.951 24345-24359/de.pacheco.popularmovies V/MoviesUtil: Movie list size 20
07-11 11:55:37.951 24345-24359/de.pacheco.popularmovies V/MoviesUtil: Built URI https://api.themoviedb.org/3/movie/popular?api_key=8673177ce6acc598e038df55449f7e1c&page=138
07-11 11:55:38.005 24345-24359/de.pacheco.popularmovies V/MoviesUtil: Movie list size 20
07-11 11:55:38.006 24345-24359/de.pacheco.popularmovies V/MoviesUtil: Built URI https://api.themoviedb.org/3/movie/popular?api_key=8673177ce6acc598e038df55449f7e1c&page=139
07-11 11:55:38.040 24345-24359/de.pacheco.popularmovies V/MoviesUtil: Movie list size 20
07-11 11:55:38.040 24345-24359/de.pacheco.popularmovies V/MoviesUtil: Built URI https://api.themoviedb.org/3/movie/popular?api_key=8673177ce6acc598e038df55449f7e1c&page=140
07-11 11:55:38.073 24345-24359/de.pacheco.popularmovies V/MoviesUtil: Movie list size 20
07-11 11:55:38.073 24345-24359/de.pacheco.popularmovies V/MoviesUtil: Built URI https://api.themoviedb.org/3/movie/popular?api_key=8673177ce6acc598e038df55449f7e1c&page=141
07-11 11:55:38.120 24345-24359/de.pacheco.popularmovies V/MoviesUtil: Movie list size 20
07-11 11:55:38.120 24345-24359/de.pacheco.popularmovies V/MoviesUtil: Built URI https://api.themoviedb.org/3/movie/popular?api_key=8673177ce6acc598e038df55449f7e1c&page=142
07-11 11:55:38.161 24345-24359/de.pacheco.popularmovies V/MoviesUtil: Movie list size 20
07-11 11:55:38.161 24345-24359/de.pacheco.popularmovies V/MoviesUtil: Built URI https://api.themoviedb.org/3/movie/popular?api_key=8673177ce6acc598e038df55449f7e1c&page=143
07-11 11:55:38.201 24345-24359/de.pacheco.popularmovies V/MoviesUtil: Movie list size 20
07-11 11:55:38.201 24345-24359/de.pacheco.popularmovies V/MoviesUtil: Built URI https://api.themoviedb.org/3/movie/popular?api_key=8673177ce6acc598e038df55449f7e1c&page=144
07-11 11:55:38.241 24345-24359/de.pacheco.popularmovies V/MoviesUtil: Movie list size 20
07-11 11:55:38.242 24345-24359/de.pacheco.popularmovies V/MoviesUtil: Built URI https://api.themoviedb.org/3/movie/popular?api_key=8673177ce6acc598e038df55449f7e1c&page=145
07-11 11:55:38.302 24345-24359/de.pacheco.popularmovies V/MoviesUtil: Movie list size 20
07-11 11:55:38.302 24345-24359/de.pacheco.popularmovies V/MoviesUtil: Built URI https://api.themoviedb.org/3/movie/popular?api_key=8673177ce6acc598e038df55449f7e1c&page=146
07-11 11:55:38.342 24345-24359/de.pacheco.popularmovies V/MoviesUtil: Movie list size 20
07-11 11:55:38.343 24345-24359/de.pacheco.popularmovies V/MoviesUtil: Built URI https://api.themoviedb.org/3/movie/popular?api_key=8673177ce6acc598e038df55449f7e1c&page=147
07-11 11:55:38.458 24345-24359/de.pacheco.popularmovies V/MoviesUtil: Movie list size 20
07-11 11:55:38.458 24345-24359/de.pacheco.popularmovies V/MoviesUtil: Built URI https://api.themoviedb.org/3/movie/popular?api_key=8673177ce6acc598e038df55449f7e1c&page=148
07-11 11:55:38.494 24345-24359/de.pacheco.popularmovies V/MoviesUtil: Movie list size 20
07-11 11:55:38.495 24345-24359/de.pacheco.popularmovies V/MoviesUtil: Built URI https://api.themoviedb.org/3/movie/popular?api_key=8673177ce6acc598e038df55449f7e1c&page=149
07-11 11:55:38.539 24345-24359/de.pacheco.popularmovies V/MoviesUtil: Movie list size 20
07-11 11:55:38.539 24345-24359/de.pacheco.popularmovies V/MoviesUtil: Built URI https://api.themoviedb.org/3/movie/popular?api_key=8673177ce6acc598e038df55449f7e1c&page=150
07-11 11:55:38.570 24345-24359/de.pacheco.popularmovies V/MoviesUtil: Movie list size 20
07-11 11:55:38.570 24345-24359/de.pacheco.popularmovies V/MoviesUtil: Built URI https://api.themoviedb.org/3/movie/popular?api_key=8673177ce6acc598e038df55449f7e1c&page=151
07-11 11:55:38.610 24345-24359/de.pacheco.popularmovies V/MoviesUtil: Movie list size 20
07-11 11:55:38.611 24345-24359/de.pacheco.popularmovies V/MoviesUtil: Built URI https://api.themoviedb.org/3/movie/popular?api_key=8673177ce6acc598e038df55449f7e1c&page=152
07-11 11:55:38.662 24345-24359/de.pacheco.popularmovies V/MoviesUtil: Movie list size 20
07-11 11:55:38.662 24345-24359/de.pacheco.popularmovies V/MoviesUtil: Built URI https://api.themoviedb.org/3/movie/popular?api_key=8673177ce6acc598e038df55449f7e1c&page=153
07-11 11:55:38.691 24345-24359/de.pacheco.popularmovies V/MoviesUtil: Movie list size 20
07-11 11:55:38.692 24345-24359/de.pacheco.popularmovies V/MoviesUtil: Built URI https://api.themoviedb.org/3/movie/popular?api_key=8673177ce6acc598e038df55449f7e1c&page=154
07-11 11:55:38.736 24345-24359/de.pacheco.popularmovies V/MoviesUtil: Movie list size 20
07-11 11:55:38.736 24345-24359/de.pacheco.popularmovies V/MoviesUtil: Built URI https://api.themoviedb.org/3/movie/popular?api_key=8673177ce6acc598e038df55449f7e1c&page=155
07-11 11:55:38.766 24345-24359/de.pacheco.popularmovies V/MoviesUtil: Movie list size 20
07-11 11:55:38.766 24345-24359/de.pacheco.popularmovies V/MoviesUtil: Built URI https://api.themoviedb.org/3/movie/popular?api_key=8673177ce6acc598e038df55449f7e1c&page=156
07-11 11:55:38.822 24345-24359/de.pacheco.popularmovies V/MoviesUtil: Movie list size 20
07-11 11:55:38.823 24345-24359/de.pacheco.popularmovies V/MoviesUtil: Built URI https://api.themoviedb.org/3/movie/popular?api_key=8673177ce6acc598e038df55449f7e1c&page=157
07-11 11:55:38.855 24345-24359/de.pacheco.popularmovies V/MoviesUtil: Movie list size 20
07-11 11:55:38.855 24345-24359/de.pacheco.popularmovies V/MoviesUtil: Built URI https://api.themoviedb.org/3/movie/popular?api_key=8673177ce6acc598e038df55449f7e1c&page=158
07-11 11:55:38.886 24345-24359/de.pacheco.popularmovies V/MoviesUtil: Movie list size 20
07-11 11:55:38.887 24345-24359/de.pacheco.popularmovies V/MoviesUtil: Built URI https://api.themoviedb.org/3/movie/popular?api_key=8673177ce6acc598e038df55449f7e1c&page=159
07-11 11:55:38.944 24345-24359/de.pacheco.popularmovies V/MoviesUtil: Movie list size 20
07-11 11:55:38.944 24345-24359/de.pacheco.popularmovies V/MoviesUtil: Built URI https://api.themoviedb.org/3/movie/popular?api_key=8673177ce6acc598e038df55449f7e1c&page=160
07-11 11:55:38.976 24345-24359/de.pacheco.popularmovies V/MoviesUtil: Movie list size 20
07-11 11:55:38.976 24345-24359/de.pacheco.popularmovies V/MoviesUtil: Built URI https://api.themoviedb.org/3/movie/popular?api_key=8673177ce6acc598e038df55449f7e1c&page=161
07-11 11:55:39.014 24345-24359/de.pacheco.popularmovies V/MoviesUtil: Movie list size 20
07-11 11:55:39.014 24345-24359/de.pacheco.popularmovies V/MoviesUtil: Built URI https://api.themoviedb.org/3/movie/popular?api_key=8673177ce6acc598e038df55449f7e1c&page=162
07-11 11:55:39.067 24345-24359/de.pacheco.popularmovies V/MoviesUtil: Movie list size 20
07-11 11:55:39.067 24345-24359/de.pacheco.popularmovies V/MoviesUtil: Built URI https://api.themoviedb.org/3/movie/popular?api_key=8673177ce6acc598e038df55449f7e1c&page=163
07-11 11:55:39.145 24345-24359/de.pacheco.popularmovies V/MoviesUtil: Movie list size 20
07-11 11:55:39.145 24345-24359/de.pacheco.popularmovies V/MoviesUtil: Built URI https://api.themoviedb.org/3/movie/popular?api_key=8673177ce6acc598e038df55449f7e1c&page=164
07-11 11:55:39.175 24345-24359/de.pacheco.popularmovies V/MoviesUtil: Movie list size 20
07-11 11:55:39.176 24345-24359/de.pacheco.popularmovies V/MoviesUtil: Built URI https://api.themoviedb.org/3/movie/popular?api_key=8673177ce6acc598e038df55449f7e1c&page=165
07-11 11:55:39.214 24345-24359/de.pacheco.popularmovies V/MoviesUtil: Movie list size 20
07-11 11:55:39.214 24345-24359/de.pacheco.popularmovies V/MoviesUtil: Built URI https://api.themoviedb.org/3/movie/popular?api_key=8673177ce6acc598e038df55449f7e1c&page=166
07-11 11:55:39.254 24345-24359/de.pacheco.popularmovies V/MoviesUtil: Movie list size 20
07-11 11:55:39.255 24345-24359/de.pacheco.popularmovies V/MoviesUtil: Built URI https://api.themoviedb.org/3/movie/popular?api_key=8673177ce6acc598e038df55449f7e1c&page=167
07-11 11:55:39.310 24345-24359/de.pacheco.popularmovies V/MoviesUtil: Movie list size 20
07-11 11:55:39.310 24345-24359/de.pacheco.popularmovies V/MoviesUtil: Built URI https://api.themoviedb.org/3/movie/popular?api_key=8673177ce6acc598e038df55449f7e1c&page=168
07-11 11:55:39.382 24345-24359/de.pacheco.popularmovies V/MoviesUtil: Movie list size 20
07-11 11:55:39.383 24345-24359/de.pacheco.popularmovies V/MoviesUtil: Built URI https://api.themoviedb.org/3/movie/popular?api_key=8673177ce6acc598e038df55449f7e1c&page=169
07-11 11:55:39.436 24345-24359/de.pacheco.popularmovies V/MoviesUtil: Movie list size 20
07-11 11:55:39.436 24345-24359/de.pacheco.popularmovies V/MoviesUtil: Built URI https://api.themoviedb.org/3/movie/popular?api_key=8673177ce6acc598e038df55449f7e1c&page=170
07-11 11:55:39.474 24345-24359/de.pacheco.popularmovies V/MoviesUtil: Movie list size 20
07-11 11:55:39.475 24345-24359/de.pacheco.popularmovies V/MoviesUtil: Built URI https://api.themoviedb.org/3/movie/popular?api_key=8673177ce6acc598e038df55449f7e1c&page=171
07-11 11:55:39.514 24345-24359/de.pacheco.popularmovies V/MoviesUtil: Movie list size 20
